// Jest Snapshot v1, https://goo.gl/fbAQLP

exports[`single column Tests column with no brackets to string 1`] = `"'value'"`;
