// Jest Snapshot v1, https://goo.gl/fbAQLP

exports[`Druid Query Tests parsers segments query with concat 1`] = `
"SELECT
  (\\"start\\" || '/' || \\"end\\") AS \\"interval\\",
  \\"segment_id\\", \\"datasource\\", \\"start\\", \\"end\\", \\"size\\", \\"version\\", \\"partition_num\\", \\"num_replicas\\", \\"num_rows\\", \\"is_published\\", \\"is_available\\", \\"is_realtime\\", \\"is_overshadowed\\", \\"payload\\"
FROM sys.segments
WHERE
 (\\"start\\" || '/' || \\"end\\") IN (SELECT \\"start\\" || '/' || \\"end\\" FROM sys.segments GROUP BY 1 LIMIT 25)
ORDER BY \\"start\\" DESC
LIMIT 25000"
`;

exports[`Druid Query Tests parsers segments query with concat 2`] = `"SELECT \\"start\\" || ' / ' || \\"end\\" FROM sys.segments GROUP BY 1,2"`;
