// Jest Snapshot v1, https://goo.gl/fbAQLP

exports[`groupbyclause tests remove low index column 1`] = `
"SELECT \\"task_id\\"
FROM sys.tasks
ORDER BY \\"datasource\\" DESC"
`;
